0 1 1 2 2 2 3 4 max 15 alt 4 pred 11
0 1 2 3 2 1 max 7 alt 2 pred 6