0 (0) 2 (21) 3 (0) 4 (-3) 5 (2) 9 (0) 15 (18) 19 (22) 22 (0)
0 (12) 1 (0) 2 (8) 4 (5) 5 (0)
4 (0)