0 (2) 1 (1) 1 (3) 4 (2) 5 (0) 6 (2) 8 (1) 9 (2)
0 (1) 2 (0)